[www.ewedinvite.site/MAUHOADOBE.html]
[backblue.gif]
[fade.gif]
[index.html]
[content.pancake.vn/1/s1200x650/d4/9e/5f/07/03b4978afe1b5f06cb5bfce627252451ad6c68cea27bccca5ae0f500-w_900-h_1125-l_166937-t_image/jpeg.jpg]
[content.pancake.vn/1/fwebp/48/53/5d/e8/8360ef0daf228b537db79566ac2bfb8ff7d126e363d698bcaaf55ad8-w_100-h_100-l_4812-t_image/png.png]
[content.pancake.vn/1/s840x1600/fwebp/5a/52/74/74/574a7c4763d40620ff28f78743b60b877bb2496e5c1cd8d94ca90f99-w_1313-h_2500-l_21034-t_image/png.png]
[content.pancake.vn/1/s779x1484/fwebp/ee/49/eb/78/c2886b85824c3e2477db01661f5e882a0e590dd1fd5b9f19358cf5bd-w_1313-h_2500-l_310467-t_image/png.png]
[content.pancake.vn/1/s606x1154/fwebp/f6/25/88/96/f03dbda97441373861bcee3d14c7afe0eed91ac32fcba37977ce2496-w_1313-h_2500-l_1540903-t_image/png.png]
[content.pancake.vn/1/s547x684/fwebp/52/0d/ec/6d/db8ac57e9b4a3fe2e75dd50e03bd3fd47ee9eb8fbcec154c915f1e8f-w_900-h_1125-l_69303-t_image/jpeg.jpg]
[content.pancake.vn/1/s529x662/fwebp/95/34/67/1d/40b086401caa229c0d23117ed0d54ecf20f6cb6016e3f7bfd5817c77-w_900-h_1125-l_68040-t_image/jpeg.jpg]
[content.pancake.vn/1/s779x1484/fwebp/55/e4/fe/df/0597a255236826aa38abefdafdc73adeed017242ebf759c9a4f08845-w_1313-h_2500-l_241440-t_image/png.png]
[content.pancake.vn/1/s720x720/fwebp/3c/1d/4a/c2/7c72606a2ecee9e0c2a71dd086f10d3fd2e213db7991bdb1d3427e4c-w_2400-h_2400-l_103687-t_image/png.png]
[content.pancake.vn/1/s439x439/fwebp/59/9d/0d/23/829a2a25903e5b03a029f62911ad0300b2c875df84e143b3258f9633-w_3600-h_3600-l_165926-t_image/png.png]
[content.pancake.vn/1/s520x650/fwebp/31/79/c6/e4/d56354e14efd98f183cc6eda204a34499d8b7872f014b41df290fd78-w_900-h_1125-l_111307-t_image/jpeg.jpg]
[content.pancake.vn/1/s489x489/fwebp/68/00/1f/72/59dd385d3ef5958cb0fed576ba82ddd8bfa1c07818f908df341f3e36-w_2048-h_2048-l_777409-t_image/png.png]
[content.pancake.vn/web-media/c7/12/57/61/92ef7eb39524455b6f161050a47753e2f6a952b078a8c1dd4566eaf3-w_900-h_1125-l_100972-t_image/jpeg.jpg]
[content.pancake.vn/1/s802x1203/fwebp/20/d7/35/2f/60fb6fad5ea8b4be38fe82c410dc6f40edb8f75053900c916e56bfb4-w_966-h_1449-l_332095-t_image/jpeg.jpg]
[content.pancake.vn/1/s666x1441/fwebp/11/83/93/27/c91fcbd3c11d401bafafc82e0178e671af2f59f3167097643b9baf99-w_1284-h_2778-l_390596-t_image/jpeg.jpg]
[statics.pancake.vn/web-media/4c/c5/0e/6c/38716365678de36a6071d524e1cd0f429d4c383c9b3d11340d16789c-w_1313-h_2500-l_227421-t_image/png.png]
[statics.pancake.vn/web-media/e9/0e/29/03/100b7f04c9e7820e3a262415a4393eb91269799b360147f7825454f2-w_1313-h_2500-l_98178-t_image/png.png]
[statics.pancake.vn/web-media/08/eb/5f/d0/66ce48c0092311e5cb124cc94682ebe821dbde4f9e8b00643dac825d-w_1313-h_2500-l_132224-t_image/png.png]
[content.pancake.vn/1/02/d4/a7/88/fef5132f979892c1778a688f2039942fc24b396b332750179775f87e-w_200-h_200-l_8183-t_image/png.png]
[content.pancake.vn/1/31/08/c9/52/c9f574ca2fa8481e1c8c657100583ddfbf47e33427d480a7dc32e788-w_200-h_200-l_242141-t_image/gif.gif]
[www.ewedinvite.site/info.html]
[api.webcake.io/animate/animatev43860.css]
[api.webcake.io/render_iconfont/iconfont3860.css]
[www.ewedinvite.site/webcake/v4/2d260d55-0d9f-47dd-ad21-262cba2e7782]
[www.ewedinvite.site/page_viewfbd1.gif]
[a.pancake.vn/js/fingerprint.js]
[www.ewedinvite.site/MAUHOADOBE.html]
[content.pancake.vn/1/s50x50/fwebp/44/2c/57/8e/d25a95bce65ad521c41fe753e65b561ca70be0cf88030dc5e0f11ce3-w_500-h_500-l_28532-t_image/jpeg.jpeg]
[content.pancake.vn/1/fwebp/44/2c/57/8e/d25a95bce65ad521c41fe753e65b561ca70be0cf88030dc5e0f11ce3-w_500-h_500-l_28532-t_image/jpeg.jpeg]
[content.pancake.vn/1/s450x450/fwebp/6a/be/e0/0a/d7335accb2128a23bbc4da24e5c40ae720a77b6258454fd24dc3d7c5-w_512-h_512-l_3489-t_image/png.png]
[content.pancake.vn/1/s434x434/fwebp/08/3f/7a/e9/be9a053a77ec7cdb461246a62779525962247b7146d4dcccce9c1cfb-w_512-h_512-l_29415-t_image/png.png]
[content.pancake.vn/1/s455x455/fwebp/08/3f/7a/e9/be9a053a77ec7cdb461246a62779525962247b7146d4dcccce9c1cfb-w_512-h_512-l_29415-t_image/png.png]
[content.pancake.vn/1/s780x1104/fwebp/26/93/50/9e/bf76e2db012898cb6d6e0f2f7d4204b01e376fdcdad68f9c922b78d4-w_1414-h_2000-l_459169-t_image/png.png]
[content.pancake.vn/1/s716x769/fwebp/89/8d/65/72/00a9b57fc0502e9e4fd10f52a88591447fe09827bc2a75a6594e0466-w_1194-h_1281-l_167472-t_image/jpeg.jpg]
[content.pancake.vn/1/s558x837/fwebp/9b/d0/07/db/b2f4a9af4db4e212ef4858d97d3b21670a89cc135eb83242930fb9a9-w_3648-h_5472-l_4859731-t_image/jpeg.JPG]
[content.pancake.vn/1/s558x837/fwebp/36/e9/3b/91/b509f3178c3f9cc2269ad95c71e8f7bf518662f0e3ba60965521185f-w_3648-h_5472-l_5009308-t_image/jpeg.JPG]
[content.pancake.vn/1/s809x540/fwebp/d9/fd/f3/cc/346b906ec52f2aa9b6cab052f4734b91046bb9e4049c2c0d67c6b5a1-w_5472-h_3648-l_4475255-t_image/jpeg.JPG]
[content.pancake.vn/1/s531x1149/fwebp/49/30/cf/9c/bf6e1f3654770e2804bb3fbd66f735defcf1afe7e912673b13127ec3-w_1284-h_2778-l_264592-t_image/jpeg.jpg]
[content.pancake.vn/1/s563x1001/fwebp/a2/18/1f/f1/b57219fe0909872786134188b2301a5748b1a2f134d11ec03914fcaa-w_1080-h_1920-l_136587-t_image/png.png]
[content.pancake.vn/1/s531x1149/fwebp/30/ba/1a/58/3b647b9ceae9dc6d3ee840ea60590128c023d097328a031265a847e1-w_1284-h_2778-l_327624-t_image/jpeg.jpg]
[content.pancake.vn/1/s531x1149/fwebp/87/64/45/86/7965694d519fb4a8d388fc857af7946b51d9694fceb36701eb1a5eb8-w_1284-h_2778-l_246255-t_image/jpeg.jpg]
[content.pancake.vn/1/s531x1149/fwebp/83/79/f6/f7/b38cfa5d0ae69b767c2a5df9139947d419b15d71cb1c1c288478aa6c-w_1284-h_2778-l_254078-t_image/jpeg.jpg]
[content.pancake.vn/1/s531x1149/fwebp/80/8a/4d/50/a41f16cf2ed4558a90b20cde1438251eae791ca4afc80ee98857b7b1-w_1284-h_2778-l_277752-t_image/jpeg.jpg]
[content.pancake.vn/1/s531x1149/fwebp/e1/19/96/5f/8a786dd718e6d23bd5c02c67b095512bafdc3c2d859c4d36da6bff40-w_1284-h_2778-l_253335-t_image/jpeg.jpg]
[content.pancake.vn/1/s531x1149/fwebp/f6/c2/db/1e/bdcb14bf4339cb5d26d7f882b589064b4dc3f2704152af54b0fbde3e-w_1284-h_2778-l_281825-t_image/jpeg.jpg]
[content.pancake.vn/1/s531x1149/fwebp/d5/09/21/1a/2598c1959f0a27235063c1fbbc20fbdf3c819a5be6e1d9607095da37-w_1284-h_2778-l_408919-t_image/jpeg.jpg]
[content.pancake.vn/1/s531x1149/fwebp/a9/6e/dd/d2/d14b2a87232d7470f30829145b643429d25eb714b34061ad89611f0f-w_1284-h_2778-l_332108-t_image/jpeg.jpg]
[content.pancake.vn/1/s676x1464/fwebp/4c/dc/31/ac/4cb553b00b9e261af4c270bc45bd315a14a70669fbbde64c152482cb-w_1242-h_2688-l_250006-t_image/jpeg.jpg]
[content.pancake.vn/1/s690x808/fwebp/84/c4/25/4b/4bd412d4a4efd2223c87b18d88d077ff82027e7a13d9f52a880f528b-w_1083-h_1267-l_158873-t_image/jpeg.jpg]
[content.pancake.vn/1/s691x742/fwebp/5d/17/3f/1d/0bf02f58b4796559c8de66242a43c100f7d5542ca6ea1bab697d294a-w_1284-h_1377-l_167097-t_image/jpeg.jpg]
[content.pancake.vn/1/s694x741/fwebp/84/a6/b6/27/0b39b48123ab6c9ca8d1d3d7f9b2f786954135332704fbae95c83aa4-w_1290-h_1377-l_170586-t_image/jpeg.jpg]
[www.ewedinvite.site/THIEPMAUCOBAN.html]
[www.ewedinvite.site/THIEPMAUDOVANG.html]
[www.ewedinvite.site/THIEPMAUXANHLA.html]
[www.ewedinvite.site/THIEPMAUDOTRANG.html]
[www.ewedinvite.site/THIEPMAUXANHDUONG.html]
[www.ewedinvite.site/THIEPMAUHONG.html]
[www.ewedinvite.site/THIEPMAUDO.html]
[www.ewedinvite.site/THIEPMAUVANG.html]
[www.ewedinvite.site/THIEPMAUDOKHONGANH.html]
[www.ewedinvite.site/webcake/v4/addd0295-1163-4517-b679-b8d879ac9f63]
[www.ewedinvite.site/page_view5d79.gif]
[www.ewedinvite.site/info.html]
[api.webcake.io/animate/animatev43860.css]
[api.webcake.io/render_iconfont/iconfontbd18.woff2]
[api.webcake.io/render_iconfont/iconfontbd18.woff]
[api.webcake.io/render_iconfont/iconfontbd18.ttf]
[api.webcake.io/render_iconfont/iconfont3860.css]
[content.pancake.vn/1/s300x300/fwebp/12/18/c3/5f/46928cd6705520a982f6e46506c591412d8e12315addc7f1a7d43b69-w_966-h_644-l_67295-t_image/jpeg.jpg]
[content.pancake.vn/web-media/ba/c9/4b/24/84ae78afd952235a6810cde46e51ca2a384ff16ca11cc946f7b0dfc9-w_966-h_1449-l_129939-t_image/jpeg.jpg]
[content.pancake.vn/web-media/a0/f8/a6/4f/94cc6154da9818df09077753959de47054802f403ee687189cda6b00-w_966-h_1449-l_345983-t_image/jpeg.jpg]
[content.pancake.vn/1/s780x1688/fwebp/11/83/93/27/c91fcbd3c11d401bafafc82e0178e671af2f59f3167097643b9baf99-w_1284-h_2778-l_390596-t_image/jpeg.jpg]
[content.pancake.vn/1/59/9d/0d/23/829a2a25903e5b03a029f62911ad0300b2c875df84e143b3258f9633-w_3600-h_3600-l_165926-t_image/png.png]
[www.ewedinvite.site/webcake/v4/ddf99f77-6b48-4cff-a76e-2df797a4a8f9]
[www.ewedinvite.site/page_view5e03.gif]
[www.ewedinvite.site/THIEPMAUCOBAN.html]
[content.pancake.vn/1/s75x50/fwebp/80/ef/b5/09/6c1db6a25f68b4dca4e44de83c669091bc58a717a12864f63da21990-w_966-h_644-l_136924-t_image/jpeg.jpg]
[content.pancake.vn/1/s840x1600/fwebp/fd/42/7d/0c/1ca1e8525f99e3105eb930cd8ed684a64b07a0d9df7e0c725ca9779c-w_1260-h_2400-l_65030-t_image/png.png]
[content.pancake.vn/web-media/20/d7/35/2f/60fb6fad5ea8b4be38fe82c410dc6f40edb8f75053900c916e56bfb4-w_966-h_1449-l_331987-t_image/jpeg.jpg]
[content.pancake.vn/1/fwebp/80/ac/eb/cf/85e75c674913047eea133813069cf9dc6d9a1acadb58c454077c94c5-w_500-h_500-l_9074-t_image/png.png]
[content.pancake.vn/web-media/e9/80/6a/05/fcf14d0545da0e656237816d3712c50d2792afda074a96abfd9bcec5-w_878-h_1280-l_99344-t_image/jpeg.jpg]
[content.pancake.vn/1/fwebp/cf/cf/28/5f/f9ca08165577556ed2df053b0962a0e8e670490844d7ad5e84fa48b2-w_1366-h_530-l_48754-t_image/png.png]
[www.ewedinvite.site/page_viewe4d4.gif]
[www.ewedinvite.site/THIEPMAUDOVANG.html]
[content.pancake.vn/1/s750x1051/fwebp/05/e8/a8/16/01929026352f538e92df0cf5acb55a927a088c800fcceec2f2ed400e-w_2857-h_4000-l_443402-t_image/png.png]
[content.pancake.vn/1/s750x1051/fwebp/7e/0e/ee/a0/c27d822a813538477d62a88d9e8b8589c4d236ff795f70c73cfc3b7e-w_2857-h_4000-l_498009-t_image/png.png]
[content.pancake.vn/1/fwebp/1f/94/22/d2/4b84947380d319a034d00e7f832c3382c2e560af38d2eb0c27f28233-w_313-h_313-l_4199-t_image/png.png]
[content.pancake.vn/web-media/ef/5a/ef/54/fcf62c073d1cb34889302c5482eef82d1b1d768034aa974d31810b83-w_966-h_1449-l_415595-t_image/jpeg.jpg]
[content.pancake.vn/web-media/ba/57/df/8e/d933c7d23e93af90f571fca4ff9c520a254dd97bc72129c5eb7409a3-w_966-h_1449-l_265863-t_image/jpeg.jpg]
[content.pancake.vn/web-media/1d/8e/aa/61/bbcf792d619ed12ba766e768fedad8ce41647e73b392783b22cde128-w_966-h_1449-l_192299-t_image/jpeg.jpg]
[www.ewedinvite.site/webcake/v4/f8bd30f7-a2a6-430d-9167-4a3a9c9b4a47]
[www.ewedinvite.site/page_viewc62e.gif]
[www.ewedinvite.site/THIEPMAUXANHLA.html]
[content.pancake.vn/1/s75x50/fwebp/12/18/c3/5f/46928cd6705520a982f6e46506c591412d8e12315addc7f1a7d43b69-w_966-h_644-l_67295-t_image/jpeg.jpg]
[content.pancake.vn/1/s750x1050/fwebp/83/bf/ec/8c/773c7f08f555f31211f154f366ad6d216542348db720bd983c604278-w_1429-h_2000-l_151240-t_image/png.png]
[content.pancake.vn/1/s750x1050/fwebp/94/28/c5/c9/8f35889fe59086f483fadc616f93739670fcefb71cc0752947effffc-w_1429-h_2000-l_177289-t_image/png.png]
[content.pancake.vn/1/fwebp/e7/f3/2e/9f/c37b6aa27572f1e8e9a939833d77ebe2563ed46102b316d6b293453e-w_313-h_313-l_124683-t_image/png.png]
[content.pancake.vn/1/s481x481/fwebp/fc/e6/9f/73/869f8d1e41593a31be6fb63256122728f3320233548fdc919694c113-w_500-h_500-l_22615-t_image/png.png]
[content.pancake.vn/1/fwebp/01/01/53/a6/107b40fff2db3985e6374bad6eb40b8bb6dfa91f0baa5d82e0bad933-w_313-h_313-l_8578-t_image/png.png]
[content.pancake.vn/web-media/ba/57/df/8e/d933c7d23e93af90f571fca4ff9c520a254dd97bc72129c5eb7409a3-w_966-h_1449-l_265755-t_image/jpeg.jpg]
[content.pancake.vn/web-media/e5/ca/3c/7f/08995fad31e2cfe0b6a360df44b580b244475e850af09b71006251e2-w_966-h_1449-l_125549-t_image/jpeg.jpg]
[www.ewedinvite.site/page_viewbf6b.gif]
[www.ewedinvite.site/THIEPMAUDOTRANG.html]
[content.pancake.vn/1/s96x50/fwebp/06/92/cf/37/91602f3e90b650de349806f37b724ef20cbf59562bb96d335e1b9221-w_1200-h_630-l_898453-t_image/png.png]
[content.pancake.vn/1/fwebp/65/3c/aa/be/35e135afc2c6420bc52abd8fb3768c346420d9efa7b879cd959ee353-w_840-h_1600-l_459659-t_image/png.png]
[content.pancake.vn/1/fwebp/e2/bc/35/38/dc2d9ddf74d997785eb0c802bd3237a50de1118e505f1e0a89ae4ec1-w_592-h_1280-l_497233-t_image/png.png]
[www.ewedinvite.site/webcake/v4/2db3b2d9-2182-49b1-a2b3-78c6f612108f]
[www.ewedinvite.site/page_view4aa1.gif]
[www.ewedinvite.site/THIEPMAUXANHDUONG.html]
[content.pancake.vn/1/s840x1600/fwebp/c2/20/8f/dd/630c812f4ba82e3308747b7d62781f5e3a37a09149b638cd8f99c18d-w_1260-h_2400-l_187076-t_image/png.png]
[content.pancake.vn/web-media/7f/6f/61/20/2b9e24ef51d59835b6c74e6218402757d78081a5f9bd66fa867b8964-w_966-h_1449-l_61481-t_image/jpeg.jpg]
[www.ewedinvite.site/webcake/v4/0802eb41-3953-4da4-a760-8e27082addb2]
[www.ewedinvite.site/page_view7f1f.gif]
[www.ewedinvite.site/THIEPMAUHONG.html]
[www.ewedinvite.site/page_viewa969.gif]
[www.ewedinvite.site/THIEPMAUDO.html]
[content.pancake.vn/1/fwebp/ba/7b/8d/d3/c8e722363da7e4ceeef2e57ed0c3e4f4b2cf92d4a6b68e1bcec70469-w_420-h_800-l_506659-t_image/png.png]
[content.pancake.vn/1/fwebp0/6d/3a/2c/a6/c3a301f9aa040dfc063964026cc8b3dedecb778022429f6b55c5b09f-w_420-h_800-l_598817-t_image/png.png]
[content.pancake.vn/1/fwebp/70/9f/d6/5e/19d5123521ffb7d85d46c600caeb5f071a84f2df3eaf64d066f66759-w_420-h_800-l_78342-t_image/png.png]
[www.ewedinvite.site/page_view07ba.gif]
[www.ewedinvite.site/THIEPMAUVANG.html]
[content.pancake.vn/1/s96x50/fwebp/bf/0f/74/03/0d3c71962097b0b872b18f9dbb6d89c99ed317243e92c5d7cb61a850-w_1200-h_630-l_358854-t_image/png.png]
[content.pancake.vn/1/fwebp/fc/e6/9f/73/869f8d1e41593a31be6fb63256122728f3320233548fdc919694c113-w_500-h_500-l_22615-t_image/png.png]
[content.pancake.vn/1/s950x1183/fwebp/0b/98/75/72/baccd8ad96649c5a0390368ea7de414202b8b008e0db7d80e9988126-w_1470-h_1830-l_1100261-t_image/png.png]
[content.pancake.vn/1/s487x487/fwebp/c9/7c/2a/c5/5ba36c13eb69d83d80e92d1a2eee50cfee36e987297533b6480719a7-w_500-h_500-l_12182-t_image/png.png]
[content.pancake.vn/1/s765x765/fwebp/f9/98/70/54/59b84c281bf331dc5baccfb671f74826f2cc248fe6459e58d0fd17bc-w_1200-h_1200-l_51245-t_image/png.png]
[content.pancake.vn/1/s438x438/fwebp/59/9d/0d/23/829a2a25903e5b03a029f62911ad0300b2c875df84e143b3258f9633-w_3600-h_3600-l_165926-t_image/png.png]
[content.pancake.vn/1/be/ad/61/25/69ccff4bf9c533a8297ad940b8f871b8bc7057593d2ec6f7d9c9066b.png]
[www.ewedinvite.site/page_view80e3.gif]
[www.ewedinvite.site/THIEPMAUDOKHONGANH.html]
